   Compiling demoncoder v0.1.1 (/home/shawn/workspace2/demoncoder)
    Finished `test` profile [unoptimized + debuginfo] target(s) in 0.65s
     Running tests/output_limits.rs (target/debug/deps/output_limits-3a75d16c9515da0a)
    Blocking waiting for file lock on package cache
    Blocking waiting for file lock on package cache
    Blocking waiting for file lock on package cache
    Finished `dev` profile [unoptimized + debuginfo] target(s) in 1.98s
...
----------------------------------------------------------------------
Ran 3 tests in 3.117s

OK
test_cancelled_key_input_restores_terminal_and_saves_nothing (__main__.Onboarding.test_cancelled_key_input_restores_terminal_and_saves_nothing) ... ok
test_first_run_and_repeated_run_use_saved_choices (__main__.Onboarding.test_first_run_and_repeated_run_use_saved_choices) ... ok
test_key_input_is_not_echoed_and_is_saved_privately (__main__.Onboarding.test_key_input_is_not_echoed_and_is_saved_privately) ... ok

----------------------------------------------------------------------
Ran 3 tests in 0.192s

OK
.
----------------------------------------------------------------------
Ran 1 test in 0.037s

OK
