    Finished `dev` profile [unoptimized + debuginfo] target(s) in 0.09s
    Finished `test` profile [unoptimized + debuginfo] target(s) in 0.09s
     Running tests/workflow_workspace.rs (target/debug/deps/workflow_workspace-e6c91c68b90d3920)
Traceback (most recent call last):
  File "/home/shawn/workspace2/demoncoder/tests/terminal_session.py", line 109, in until
    output.extend(os.read(master, 65536))
                  ~~~~~~~^^^^^^^^^^^^^^^
OSError: [Errno 5] Input/output error

The above exception was the direct cause of the following exception:

Traceback (most recent call last):
  File "/home/shawn/workspace2/demoncoder/tests/verification_workflow.py", line 118, in __init__
    until(self.master, self.process, self.output, b"Prompt")
    ~~~~~^^^^^^^^^^^^^^^^^^^^^^^^^^^^^^^^^^^^^^^^^^^^^^^^^^^
  File "/home/shawn/workspace2/demoncoder/tests/terminal_session.py", line 111, in until
    raise AssertionError("PTY closed before checkpoint") from error
AssertionError: PTY closed before checkpoint

The above exception was the direct cause of the following exception:

Traceback (most recent call last):
  File "/home/shawn/workspace2/demoncoder/tests/bounded_review.py", line 66, in <module>
    main()
    ~~~~^^
  File "/home/shawn/workspace2/demoncoder/tests/bounded_review.py", line 57, in main
    bounded_context(server, True)
    ~~~~~~~~~~~~~~~^^^^^^^^^^^^^^
  File "/home/shawn/workspace2/demoncoder/tests/bounded_review.py", line 14, in bounded_context
    app = App(directory, server, [*scope, "--check", "test -s change.rs", "--reviewer", "worker"])
  File "/home/shawn/workspace2/demoncoder/tests/verification_workflow.py", line 121, in __init__
    raise AssertionError(f"fixture startup failed: {self.output.decode(errors='replace')}") from error
AssertionError: fixture startup failed: [1m[31merror:[0m unexpected argument '[33m--review-context[0m' found

  [32mtip:[0m a similar argument exists: '[32m--reviewer[0m'

[1m[4mUsage:[0m [1mdemoncoder[0m [1m--trust-workspace[0m [1m--workspace[0m <WORKSPACE> [1m--config[0m <CONFIG> [1m--event-log[0m <EVENT_LOG> [1m--reviewer[0m <REVIEWER>

For more information, try '[1m--help[0m'.

