    Finished `dev` profile [unoptimized + debuginfo] target(s) in 0.09s
    Finished `test` profile [unoptimized + debuginfo] target(s) in 0.09s
     Running tests/subagent_worktrees.rs (target/debug/deps/subagent_worktrees-f0d5d1e9e4ff70d6)
     Running tests/workflow_store.rs (target/debug/deps/workflow_store-122ba78f04bb105f)
     Running tests/workflow_workspace.rs (target/debug/deps/workflow_workspace-e6c91c68b90d3920)
Traceback (most recent call last):
  File "/home/shawn/workspace2/demoncoder/tests/terminal_session.py", line 109, in until
    output.extend(os.read(master, 65536))
                  ~~~~~~~^^^^^^^^^^^^^^^
OSError: [Errno 5] Input/output error

The above exception was the direct cause of the following exception:

Traceback (most recent call last):
  File "/home/shawn/workspace2/demoncoder/tests/verification_workflow.py", line 116, in __init__
    until(self.master, self.process, self.output, b"Prompt")
    ~~~~~^^^^^^^^^^^^^^^^^^^^^^^^^^^^^^^^^^^^^^^^^^^^^^^^^^^
  File "/home/shawn/workspace2/demoncoder/tests/terminal_session.py", line 111, in until
    raise AssertionError("PTY closed before checkpoint") from error
AssertionError: PTY closed before checkpoint

The above exception was the direct cause of the following exception:

Traceback (most recent call last):
  File "/home/shawn/workspace2/demoncoder/tests/generated_outputs.py", line 80, in <module>
    main()
    ~~~~^^
  File "/home/shawn/workspace2/demoncoder/tests/generated_outputs.py", line 71, in main
    large_outputs_and_recovery(server)
    ~~~~~~~~~~~~~~~~~~~~~~~~~~^^^^^^^^
  File "/home/shawn/workspace2/demoncoder/tests/generated_outputs.py", line 15, in large_outputs_and_recovery
    app = App(directory, server, [*scope, "--check", command, "--reviewer", "worker"])
  File "/home/shawn/workspace2/demoncoder/tests/verification_workflow.py", line 119, in __init__
    raise AssertionError(f"fixture startup failed: {self.output.decode(errors='replace')}") from error
AssertionError: fixture startup failed: [1m[31merror:[0m unexpected argument '[33m--generated-output[0m' found

[1m[4mUsage:[0m [1mdemoncoder[0m [1m--trust-workspace[0m [1m--workspace[0m <WORKSPACE> [1m--config[0m <CONFIG> [1m--event-log[0m <EVENT_LOG>

For more information, try '[1m--help[0m'.

