    Finished `dev` profile [unoptimized + debuginfo] target(s) in 0.09s
    Finished `test` profile [unoptimized + debuginfo] target(s) in 0.09s
     Running tests/subagent_worktrees.rs (target/debug/deps/subagent_worktrees-f0d5d1e9e4ff70d6)

running 16 tests
test captures_dirty_binary_ignored_deleted_modes_and_symlinks_without_touching_parent_index ... ok
test forged_result_and_parent_replacement_refuse_before_effects ... ok
test deleting_last_file_preserves_the_validated_empty_directory ... ok
test additions_deletions_binary_and_executable_delta_are_exact ... ok
test conflicts_stale_child_and_unowned_changes_refuse_before_effects ... ok
test deep_owned_file_creates_only_necessary_ancestor_directories ... ok
test metadata_retargeting_and_unsafe_baselines_are_rejected ... ok
test hooks_filters_and_signers_cannot_execute ... ok
test integrates_owned_delta_and_preserves_unrelated_dirty_parent_and_index ... ok
test same_path_admin_replacement_and_symlink_pointer_are_rejected ... ok
test owned_empty_directory_delta_integrates_and_nested_git_is_refused ... ok
test directory_modes_removal_and_symlink_delta_respect_ownership_and_parent_additions ... ok
test validated_permission_increase_precedes_writes_inside_readonly_directory ... ok
test private_source_is_not_copied_or_committed_by_delegation ... ok
test mode_only_delta_and_quoted_filenames_preserve_exact_bytes ... ok
test repository_diff_prefixes_cannot_redirect_integration_into_unowned_files ... ok

test result: ok. 16 passed; 0 failed; 0 ignored; 0 measured; 0 filtered out; finished in 0.25s

     Running tests/workflow_store.rs (target/debug/deps/workflow_store-122ba78f04bb105f)

running 16 tests
test crash_lock_child ... ok
test refuses_missing_record_and_unsafe_paths ... ok
test process_death_releases_lock ... ok
test changing_lock_name_does_not_allow_two_owners ... ok
test private_parent_rejects_links_without_changing_target_permissions ... ok
test pinned_directory_survives_path_replacement_and_ignores_uncommitted_temps ... ok
test published_snapshot_is_readable_during_live_writer_and_rejects_damage ... ok
test rejects_unreadable_nesting_before_replacing_previous_record ... ok
test roundtrip_private_and_exclusive ... ok
test rejects_state_links_and_preserves_outside_file ... ok
test store::durability_tests::directory_sync_failure_reports_uncertainty_with_valid_replacement ... ok
test refuses_broken_records_without_echoing_contents ... ok
test rejects_nonregular_and_oversized_records ... ok
test rejects_independently_mutated_valid_envelopes ... ok
test rejects_unsafe_lock_files ... ok
test failed_oversized_write_preserves_previous_record ... ok

test result: ok. 16 passed; 0 failed; 0 ignored; 0 measured; 0 filtered out; finished in 2.93s

     Running tests/workflow_workspace.rs (target/debug/deps/workflow_workspace-e6c91c68b90d3920)

running 11 tests
test hardlinks_and_symlink_roots_are_rejected ... ok
test changed_binary_blocks_review_but_unchanged_binary_is_identified ... ok
test private_source_never_enters_capture_or_review_even_from_older_snapshots ... ok
test special_files_are_rejected_without_opening_or_waiting ... ok
test evidence_contains_actual_old_new_preexisting_and_untracked_text ... ok
test unchanged_capture_and_serialization_are_deterministic ... ok
test symlink_targets_are_never_read_and_only_root_git_is_excluded ... ok
test edits_additions_removals_modes_and_symlink_targets_change_identity ... ok
test concurrent_symlink_replacement_cannot_read_outside_content ... ok
test depth_is_bounded_and_replaced_roots_cannot_share_review ... ok
test oversized_file_and_evidence_are_explicit_refusals ... ok

test result: ok. 11 passed; 0 failed; 0 ignored; 0 measured; 0 filtered out; finished in 0.08s

Traceback (most recent call last):
  File "/home/shawn/workspace2/demoncoder/tests/terminal_session.py", line 109, in until
    output.extend(os.read(master, 65536))
                  ~~~~~~~^^^^^^^^^^^^^^^
OSError: [Errno 5] Input/output error

The above exception was the direct cause of the following exception:

Traceback (most recent call last):
  File "/home/shawn/workspace2/demoncoder/tests/verification_workflow.py", line 116, in __init__
    until(self.master, self.process, self.output, b"Prompt")
    ~~~~~^^^^^^^^^^^^^^^^^^^^^^^^^^^^^^^^^^^^^^^^^^^^^^^^^^^
  File "/home/shawn/workspace2/demoncoder/tests/terminal_session.py", line 111, in until
    raise AssertionError("PTY closed before checkpoint") from error
AssertionError: PTY closed before checkpoint

The above exception was the direct cause of the following exception:

Traceback (most recent call last):
  File "/home/shawn/workspace2/demoncoder/tests/generated_outputs.py", line 80, in <module>
    main()
    ~~~~^^
  File "/home/shawn/workspace2/demoncoder/tests/generated_outputs.py", line 71, in main
    large_outputs_and_recovery(server)
    ~~~~~~~~~~~~~~~~~~~~~~~~~~^^^^^^^^
  File "/home/shawn/workspace2/demoncoder/tests/generated_outputs.py", line 15, in large_outputs_and_recovery
    app = App(directory, server, [*scope, "--check", command, "--reviewer", "worker"])
  File "/home/shawn/workspace2/demoncoder/tests/verification_workflow.py", line 119, in __init__
    raise AssertionError(f"fixture startup failed: {self.output.decode(errors='replace')}") from error
AssertionError: fixture startup failed: [1m[31merror:[0m unexpected argument '[33m--generated-output[0m' found

[1m[4mUsage:[0m [1mdemoncoder[0m [1m--trust-workspace[0m [1m--workspace[0m <WORKSPACE> [1m--config[0m <CONFIG> [1m--event-log[0m <EVENT_LOG>

For more information, try '[1m--help[0m'.

