    Finished `dev` profile [unoptimized + debuginfo] target(s) in 0.30s
    Finished `test` profile [unoptimized + debuginfo] target(s) in 0.08s
     Running tests/tools.rs (target/debug/deps/tools-146f4d767211ea29)
    Finished `test` profile [unoptimized + debuginfo] target(s) in 0.08s
     Running unittests src/lib.rs (target/debug/deps/demoncoder-0911b3f9cf4c6c88)
    Finished `test` profile [unoptimized + debuginfo] target(s) in 0.09s
     Running unittests src/lib.rs (target/debug/deps/demoncoder-0911b3f9cf4c6c88)
    Blocking waiting for file lock on package cache
    Blocking waiting for file lock on package cache
    Blocking waiting for file lock on package cache
    Finished `test` profile [unoptimized + debuginfo] target(s) in 1.89s
     Running unittests src/lib.rs (target/debug/deps/demoncoder-0911b3f9cf4c6c88)
...
----------------------------------------------------------------------
Ran 3 tests in 0.000s

OK
test_cancelled_key_input_restores_terminal_and_saves_nothing (__main__.Onboarding.test_cancelled_key_input_restores_terminal_and_saves_nothing) ... ok
test_first_run_and_repeated_run_use_saved_choices (__main__.Onboarding.test_first_run_and_repeated_run_use_saved_choices) ... ok
test_key_input_is_not_echoed_and_is_saved_privately (__main__.Onboarding.test_key_input_is_not_echoed_and_is_saved_privately) ... ok

----------------------------------------------------------------------
Ran 3 tests in 1.100s

OK
    Finished `test` profile [unoptimized + debuginfo] target(s) in 0.10s
     Running tests/host_guard.rs (target/debug/deps/host_guard-e7f3dd0871ba416f)
test_all_connections_execute_host_tools_through_the_oracle (__main__.HostAccess.test_all_connections_execute_host_tools_through_the_oracle) ... ok
test_outside_paths_and_oracle_failures (__main__.HostAccess.test_outside_paths_and_oracle_failures) ... ok

----------------------------------------------------------------------
Ran 2 tests in 8.324s

OK
Traceback (most recent call last):
  File "/home/shawn/workspace2/demoncoder/tests/live_oracle.py", line 56, in <module>
    main()
    ~~~~^^
  File "/home/shawn/workspace2/demoncoder/tests/live_oracle.py", line 51, in main
    validate(json.loads(paths[-1].read_text()), current)
    ~~~~~~~~^^^^^^^^^^^^^^^^^^^^^^^^^^^^^^^^^^^^^^^^^^^^
  File "/home/shawn/workspace2/demoncoder/tests/live_oracle.py", line 24, in validate
    assert record["result"] == "pass" and record["input_digest"] == current, "live Oracle evidence is stale or incomplete"
           ^^^^^^^^^^^^^^^^^^^^^^^^^^^^^^^^^^^^^^^^^^^^^^^^^^^^^^^^^^^^^^^^
AssertionError: live Oracle evidence is stale or incomplete
