    Finished `test` profile [unoptimized + debuginfo] target(s) in 0.09s
     Running unittests src/lib.rs (target/debug/deps/demoncoder-0911b3f9cf4c6c88)
   Compiling demoncoder v0.1.2 (/home/shawn/workspace2/demoncoder)
    Finished `test` profile [unoptimized + debuginfo] target(s) in 0.72s
     Running tests/reliability_streams.rs (target/debug/deps/reliability_streams-ec976d9032f0e21c)
   Compiling demoncoder v0.1.2 (/home/shawn/workspace2/demoncoder)
    Finished `test` profile [unoptimized + debuginfo] target(s) in 0.59s
     Running tests/reliability_utf8.rs (target/debug/deps/reliability_utf8-f23f356348d99172)
    Finished `test` profile [unoptimized + debuginfo] target(s) in 0.08s
     Running unittests src/lib.rs (target/debug/deps/demoncoder-0911b3f9cf4c6c88)
   Compiling demoncoder v0.1.2 (/home/shawn/workspace2/demoncoder)
    Finished `test` profile [unoptimized + debuginfo] target(s) in 0.73s
     Running tests/output_limits.rs (target/debug/deps/output_limits-5d168b2cfb44d1ad)
    Finished `dev` profile [unoptimized + debuginfo] target(s) in 0.08s
...
----------------------------------------------------------------------
Ran 3 tests in 3.835s

OK
test_cancelled_key_input_restores_terminal_and_saves_nothing (__main__.Onboarding.test_cancelled_key_input_restores_terminal_and_saves_nothing) ... ok
test_first_run_and_repeated_run_use_saved_choices (__main__.Onboarding.test_first_run_and_repeated_run_use_saved_choices) ... ok
test_key_input_is_not_echoed_and_is_saved_privately (__main__.Onboarding.test_key_input_is_not_echoed_and_is_saved_privately) ... ok

----------------------------------------------------------------------
Ran 3 tests in 0.849s

OK
.
----------------------------------------------------------------------
Ran 1 test in 0.047s

OK
