    Finished `test` profile [unoptimized + debuginfo] target(s) in 0.49s
     Running unittests src/lib.rs (target/debug/deps/demoncoder-0911b3f9cf4c6c88)
    Finished `test` profile [unoptimized + debuginfo] target(s) in 0.27s
     Running tests/reliability_streams.rs (target/debug/deps/reliability_streams-ec976d9032f0e21c)
    Finished `test` profile [unoptimized + debuginfo] target(s) in 0.29s
     Running tests/reliability_utf8.rs (target/debug/deps/reliability_utf8-f23f356348d99172)
    Blocking waiting for file lock on package cache
    Finished `test` profile [unoptimized + debuginfo] target(s) in 0.28s
     Running unittests src/lib.rs (target/debug/deps/demoncoder-0911b3f9cf4c6c88)
    Blocking waiting for file lock on package cache
    Blocking waiting for file lock on package cache
    Finished `test` profile [unoptimized + debuginfo] target(s) in 0.11s
     Running tests/output_limits.rs (target/debug/deps/output_limits-5d168b2cfb44d1ad)
    Blocking waiting for file lock on package cache
    Blocking waiting for file lock on package cache
    Blocking waiting for file lock on package cache
    Finished `dev` profile [unoptimized + debuginfo] target(s) in 0.13s
...
----------------------------------------------------------------------
Ran 3 tests in 3.840s

OK
test_cancelled_key_input_restores_terminal_and_saves_nothing (__main__.Onboarding.test_cancelled_key_input_restores_terminal_and_saves_nothing) ... ok
test_first_run_and_repeated_run_use_saved_choices (__main__.Onboarding.test_first_run_and_repeated_run_use_saved_choices) ... ok
test_key_input_is_not_echoed_and_is_saved_privately (__main__.Onboarding.test_key_input_is_not_echoed_and_is_saved_privately) ... ok

----------------------------------------------------------------------
Ran 3 tests in 0.912s

OK
.
----------------------------------------------------------------------
Ran 1 test in 0.052s

OK
