    Finished `dev` profile [unoptimized + debuginfo] target(s) in 0.09s
.
----------------------------------------------------------------------
Ran 1 test in 0.089s

OK
..
----------------------------------------------------------------------
Ran 2 tests in 0.001s

OK
   Compiling demoncoder v0.1.2 (/home/shawn/workspace2/demoncoder)
    Finished `test` profile [unoptimized + debuginfo] target(s) in 0.77s
test_native_api_sources_and_errors (__main__.Authentication.test_native_api_sources_and_errors) ... ok
test_subscription_routes_and_errors (__main__.Authentication.test_subscription_routes_and_errors) ... ok

----------------------------------------------------------------------
Ran 2 tests in 1.454s

OK
   Compiling demoncoder v0.1.2 (/home/shawn/workspace2/demoncoder)
    Finished `test` profile [unoptimized + debuginfo] target(s) in 0.47s
     Running tests/capabilities.rs (target/debug/deps/capabilities-7f54283b1116b50f)
test_reported_partial_zero_and_absent_usage (__main__.Usage.test_reported_partial_zero_and_absent_usage) ... ok

----------------------------------------------------------------------
Ran 1 test in 1.516s

OK
