    Finished `dev` profile [unoptimized + debuginfo] target(s) in 0.08s
.
----------------------------------------------------------------------
Ran 1 test in 0.047s

OK
..
----------------------------------------------------------------------
Ran 2 tests in 0.001s

OK
   Compiling demoncoder v0.1.2 (/home/shawn/workspace2/demoncoder)
    Finished `test` profile [unoptimized + debuginfo] target(s) in 0.67s
test_native_api_sources_and_errors (__main__.Authentication.test_native_api_sources_and_errors) ... ok
test_subscription_routes_and_errors (__main__.Authentication.test_subscription_routes_and_errors) ... ok

----------------------------------------------------------------------
Ran 2 tests in 1.136s

OK
   Compiling demoncoder v0.1.2 (/home/shawn/workspace2/demoncoder)
    Finished `test` profile [unoptimized + debuginfo] target(s) in 0.41s
     Running tests/capabilities.rs (target/debug/deps/capabilities-7f54283b1116b50f)
test_reported_partial_zero_and_absent_usage (__main__.Usage.test_reported_partial_zero_and_absent_usage) ... ok

----------------------------------------------------------------------
Ran 1 test in 1.499s

OK
